<html>
<body>
<pre>
<h1>礦ision Build Log</h1>
<h2>Tool Versions:</h2>
IDE-Version: 礦ision V5.21.1.0
Copyright (C) 2016 ARM Ltd and ARM Germany GmbH. All rights reserved.
License Information: e e, e, LIC=W96CX-H6VF8-17XRR-KGCJQ-P21WY-SNLVX
 
Tool Versions:
Toolchain:       MDK-ARM Professional  Version: 5.21a
Toolchain Path:  C:\Keil_v5\ARM\ARMCC\Bin
C Compiler:      Armcc.exe V5.06 update 3 (build 300)
Assembler:       Armasm.exe V5.06 update 3 (build 300)
Linker/Locator:  ArmLink.exe V5.06 update 3 (build 300)
Library Manager: ArmAr.exe V5.06 update 3 (build 300)
Hex Converter:   FromElf.exe V5.06 update 3 (build 300)
CPU DLL:         SARMCM3.DLL V5.21a
Dialog DLL:      DCM.DLL V1.13.8.0
Target DLL:      STLink\ST-LINKIII-KEIL_SWO.dll V2.0.18.0
Dialog DLL:      TCM.DLL V1.14.14.0
 
<h2>Project:</h2>
D:\STM32CubeMX_Projects\template_uart（串口重定向、不会丢失首字符）_i2c_OLED_HAL - 备份\MDK-ARM\template.uvprojx
Project File Date:  05/20/2018

<h2>Output:</h2>
*** Using Compiler 'V5.06 update 3 (build 300)', folder: 'C:\Keil_v5\ARM\ARMCC\Bin'
Rebuild target 'template'
assembling startup_stm32f103xe.s...
compiling gpio.c...
compiling usart.c...
compiling stm32f1xx_hal_msp.c...
compiling i2c.c...
compiling delay.c...
compiling stm32f1xx_it.c...
compiling main.c...
../Src/main.c(115): warning:  #177-D: variable "minute" was declared but never referenced
  	uint8_t second=0,minute=0,hour=0,day=0,month=0,year=0;
../Src/main.c(115): warning:  #177-D: variable "hour" was declared but never referenced
  	uint8_t second=0,minute=0,hour=0,day=0,month=0,year=0;
../Src/main.c(115): warning:  #177-D: variable "day" was declared but never referenced
  	uint8_t second=0,minute=0,hour=0,day=0,month=0,year=0;
../Src/main.c(115): warning:  #177-D: variable "month" was declared but never referenced
  	uint8_t second=0,minute=0,hour=0,day=0,month=0,year=0;
../Src/main.c: 4 warnings, 0 errors
compiling stm32f1xx_hal_tim.c...
compiling stm32f1xx_hal_tim_ex.c...
compiling stm32f1xx_hal_pwr.c...
compiling stm32f1xx_hal_cortex.c...
compiling system_stm32f1xx.c...
compiling stm32f1xx_hal_rcc.c...
compiling stm32f1xx_hal_uart.c...
compiling stm32f1xx_hal_gpio_ex.c...
compiling stm32f1xx_hal_rcc_ex.c...
compiling stm32f1xx_hal_flash_ex.c...
compiling stm32f1xx_hal.c...
compiling retarget_io.c...
compiling stm32f1xx_hal_gpio.c...
compiling stm32f1xx_hal_dma.c...
compiling stm32f1xx_hal_i2c.c...
compiling stm32f1xx_hal_flash.c...
compiling oled.c...
linking...
Program Size: Code=12636 RO-data=2432 RW-data=2988 ZI-data=1204  
FromELF: creating hex file...
"template\template.axf" - 0 Error(s), 4 Warning(s).

<h2>Software Packages used:</h2>

Package Vendor: Keil
                http://www.keil.com/pack/Keil.ARM_Compiler.1.4.0.pack
                Keil.ARM Compiler::Compiler:I/O:STDOUT:User:1.4.0
                Keil ARM Compiler extensions for ARM Compiler 5 and ARM Compiler 6
   * Component: STDOUT Variant: User Version: 1.4.0

Package Vendor: ARM
                http://www.keil.com/pack/ARM.CMSIS.5.3.0.pack
                ARM::CMSIS:CORE:5.1.1
                CMSIS (Cortex Microcontroller Software Interface Standard)
   * Component: CORE Version: 5.1.1

<h2>Collection of Component include folders:</h2>
  D:\STM32CubeMX_Projects\template_uart（串口重定向、不会丢失首字符）_i2c_OLED_HAL - 备份\MDK-ARM\RTE
  C:\Keil_v5\ARM\PACK\ARM\CMSIS\5.3.0\CMSIS\Include
  C:\Keil_v5\ARM\PACK\Keil\STM32F1xx_DFP\2.2.0\Device\Include

<h2>Collection of Component Files used:</h2>

   * Component: Keil.ARM Compiler::Compiler:I/O:STDOUT:User:1.4.0
      Source file:   Source\retarget_io.c
      Source file:   Template\stdout_user.c
      Source file:   Template\stdout_display.c
      Source file:   Template\stdout_USART.c

   * Component: ARM::CMSIS:CORE:5.1.1
Build Time Elapsed:  00:00:06
</pre>
</body>
</html>
